// Jest Snapshot v1, https://goo.gl/fbAQLP

exports[`Snapshot for Requests 1`] = `
<div>
  <div
    class="container"
  >
    <div
      class="loading"
    />
  </div>
</div>
`;
